{
    "networkName": "test",
    "internalDomain": "test",
    "processes": []
}